// Jest Snapshot v1, https://goo.gl/fbAQLP

exports[`should render dictionaries list component correctly 1`] = `ShallowWrapper {}`;
